&eval.Struct{
	Comments: eval.Comments{
		Comments: [][]string{{
			"doc header",
			"doc header",
		}},
	},
	Fields: []eval.Field{
		&eval.KeyValue{
			Comments: eval.Comments{Comments: [][]string{{
				"a string",
			}}},
			Key:   eval.Key{Value: eval.Value{Value: &value.String{String: "stringkey"}}},
			Value: eval.Value{Value: &value.String{String: "stringvalue"}},
		},
		&eval.KeyValue{
			Comments: eval.Comments{Comments: [][]string{{"a number"}}},
			Key:      eval.Key{Value: eval.Value{Value: &value.String{String: "number"}}},
			Value:    eval.Value{Value: value.Number("1")},
		},
		&eval.KeyValue{
			Comments: eval.Comments{Comments: [][]string{{"an int"}}},
			Key:      eval.Key{Value: eval.Value{Value: &value.String{String: "int"}}},
			Value:    eval.Value{Value: value.Number("1")},
		},
		&eval.KeyValue{
			Comments: eval.Comments{Comments: [][]string{{"a float"}}},
			Key:      eval.Key{Value: eval.Value{Value: &value.String{String: "float"}}},
			Value:    eval.Value{Value: value.Number("1.0")},
		},
		&eval.KeyValue{
			Comments: eval.Comments{Comments: [][]string{{"a bool"}}},
			Key:      eval.Key{Value: eval.Value{Value: &value.String{String: "bool"}}},
			Value:    eval.Value{Value: &value.Boolean{Boolean: true}},
		},
		&eval.KeyValue{
			Comments: eval.Comments{Comments: [][]string{{"a nested"}}},
			Key:      eval.Key{Value: eval.Value{Value: &value.String{String: "nested"}}},
			Value: &eval.Struct{Fields: []eval.Field{&eval.KeyValue{
				Key: eval.Key{Value: eval.Value{
					Value: &value.String{String: "obj"},
				}},
				Value: eval.Value{Value: value.Number("1")},
			}}},
		},
		&eval.KeyValue{
			Comments: eval.Comments{Comments: [][]string{{"a list"}}},
			Key:      eval.Key{Value: eval.Value{Value: &value.String{String: "list"}}},
			Value: &eval.Array{Items: []eval.Expression{
				eval.Value{Value: value.Number("2")},
				&eval.Struct{},
			}},
		},
		&eval.Embedded{
			Comments: eval.Comments{Comments: [][]string{{"comment on embedded"}}},
			Expression: &eval.Struct{Fields: []eval.Field{&eval.KeyValue{
				Comments: eval.Comments{Comments: [][]string{{"comment on field"}}},
				Key:      eval.Key{Value: eval.Value{Value: &value.String{String: "x"}}},
				Value:    eval.Value{Value: value.Number("1")},
			}}},
		},
		&eval.Embedded{Expression: eval.Value{Value: value.Number("4")}},
	},
}
