&eval.Struct{Fields: []eval.Field{
	&eval.Embedded{Expression: &eval.If{
		Condition: eval.Value{Value: &value.Boolean{
			Boolean: true,
		}},
		Value: &eval.Struct{Fields: []eval.Field{&eval.KeyValue{
			Key: eval.Key{
				Value: eval.Value{Value: &value.String{
					String: "a",
				}},
			},
			Value: eval.Value{Value: value.Number("1")},
		}}},
	}},
}}
