&errors.posError{
	pos: token.Pos{
		file: &token.File{
			name: "list-nocomma2.acorn",
			base: token.index(1),
			size: token.index(6),
			lines: []token.index{
				token.index(0),
				token.index(3),
			},
		},
		offset: 68,
	},
	Message: errors.Message{format: "missing ',' before newline in list literal"},
}
