&eval.Struct{Fields: []eval.Field{
	&eval.KeyValue{
		Key: eval.Key{
			Value: &eval.Value{Value: value.String("Schema")},
		},
		Value: &eval.Struct{
			Fields: []eval.Field{&eval.KeyValue{
				Key: eval.Key{Value: eval.Value{
					Value: value.String("foo"),
				}},
				Value: eval.Value{Value: value.String("bar")},
			}},
			Schema: true,
		},
		Schema: true,
	},
}}
