&eval.Struct{Fields: []eval.Field{
	&eval.KeyValue{
		Key: eval.Key{
			Value: eval.Value{Value: value.String("x")},
		},
		Value: eval.Value{Value: value.String("a")},
	},
	&eval.KeyValue{
		Key: eval.Key{Value: &eval.Interpolation{Parts: []interface{}{
			`"`,
			&eval.Lookup{
				Pos: eval.Position{
					Filename: "test.acorn",
					Offset:   10,
					Line:     2,
					Column:   4,
				},
				Key: "x",
			},
			`"`,
		}}},
		Value: eval.Value{Value: value.Number("1")},
	},
}}
